Configuration on demand is an incubating feature.
Reusing configuration cache.
> Task :app:preBuild UP-TO-DATE
> Task :app:preDebugBuild UP-TO-DATE
> Task :app:preDebugUnitTestBuild UP-TO-DATE
> Task :app:generateDebugResValues UP-TO-DATE
> Task :app:javaPreCompileDebug UP-TO-DATE
> Task :app:javaPreCompileDebugUnitTest UP-TO-DATE
> Task :app:createDebugCompatibleScreenManifests UP-TO-DATE
> Task :app:generateDebugResources UP-TO-DATE
> Task :app:extractDeepLinksDebug UP-TO-DATE
> Task :app:packageDebugResources UP-TO-DATE
> Task :app:checkDebugAarMetadata UP-TO-DATE
> Task :app:parseDebugLocalResources UP-TO-DATE
> Task :app:dataBindingMergeDependencyArtifactsDebug UP-TO-DATE
> Task :app:mapDebugSourceSetPaths UP-TO-DATE
> Task :app:mergeDebugResources UP-TO-DATE
> Task :app:processDebugMainManifest UP-TO-DATE
> Task :app:processDebugManifest UP-TO-DATE
> Task :app:processDebugManifestForPackage UP-TO-DATE
> Task :app:dataBindingGenBaseClassesDebug UP-TO-DATE
> Task :app:processDebugResources UP-TO-DATE
> Task :app:compileDebugKotlin UP-TO-DATE
> Task :app:processDebugJavaRes UP-TO-DATE
> Task :app:compileDebugJavaWithJavac UP-TO-DATE
> Task :app:bundleDebugClassesToCompileJar UP-TO-DATE
> Task :app:bundleDebugClassesToRuntimeJar UP-TO-DATE

> Task :app:compileDebugUnitTestKotlin FAILED
.\gradlew : e: file:///C:/Users/mikedell/MedicalNotes/app/src/test/java/com/medicalnotes/app/utils/LanguageCh
angeTest.kt:166:39 Unresolved reference: name
At line:1 char:1
+ .\gradlew testDebugUnitTest --tests "*SimpleLanguageTest*" > test_out ...
+ ~~~~~~~~~~~~~~~~~~~~~~~~~~~~~~~~~~~~~~~~~~~~~~~~~~~~~~~~~~~~~~~~~~~~~
    + CategoryInfo          : NotSpecified: (e: file:///C:/U...reference: name:String) [], RemoteException
    + FullyQualifiedErrorId : NativeCommandError
 
e: file:///C:/Users/mikedell/MedicalNotes/app/src/test/java/com/medicalnotes/app/utils/LanguageChangeTest.kt:
168:69 Unresolved reference: name
e: file:///C:/Users/mikedell/MedicalNotes/app/src/test/java/com/medicalnotes/app/utils/LanguageChangeTest.kt:
171:61 Unresolved reference: name
e: file:///C:/Users/mikedell/MedicalNotes/app/src/test/java/com/medicalnotes/app/utils/LanguageChangeTest.kt:
181:39 Unresolved reference: name
e: file:///C:/Users/mikedell/MedicalNotes/app/src/test/java/com/medicalnotes/app/utils/LanguageChangeTest.kt:
183:69 Unresolved reference: name
e: file:///C:/Users/mikedell/MedicalNotes/app/src/test/java/com/medicalnotes/app/utils/LanguageChangeTest.kt:
186:61 Unresolved reference: name

FAILURE: Build failed with an exception.

* What went wrong:
Execution failed for task ':app:compileDebugUnitTestKotlin'.
> A failure occurred while executing org.jetbrains.kotlin.compilerRunner.GradleCompilerRunnerWithWorkers$Grad
leKotlinCompilerWorkAction
   > Compilation error. See log for more details

* Try:
> Run with --stacktrace option to get the stack trace.
> Run with --info or --debug option to get more log output.
> Run with --scan to get full insights.
> Get more help at https://help.gradle.org.

BUILD FAILED in 2s
22 actionable tasks: 1 executed, 21 up-to-date
Configuration cache entry reused.
