=== ТЕСТ ЛОГИКИ ЛИПЕТОР И ФУБУКСУСАТ ===
Сегодняшняя дата: 2025-08-07
Дата начала: 2025-07-31T06:05:08.466Z

=== ТЕСТ ЛИПЕТОР ===
Липетор:
  - Дата начала: 2025-07-31
  - Дней с начала: 7
  - Частота: DAILY
  - Активно: true
  - В группе: false
  - Логика DAILY: true
  - РЕЗУЛЬТАТ: true

=== ТЕСТ ФУБУКСУСАТ ===
Фубуксусат:
  - Дата начала: 2025-07-31
  - Дней с начала: 7
  - Частота: DAILY
  - Активно: true
  - В группе: false
  - Логика DAILY: true
  - РЕЗУЛЬТАТ: true

✅ ТЕСТ ПРОЙДЕН: Лекарства должны принимать сегодня

=== ВЫВОД ===
Если в вашем приложении эти лекарства показывают статус NOT_TODAY,
то проблема может быть в одном из следующих:
1. Частота приема установлена не на DAILY
2. Лекарства находятся в группе
3. Лекарства неактивны (isActive = false)
4. Дата начала установлена в будущем
5. Проблема в логике MedicineStatusHelper
